---
source: tests/snapshots.rs
expression: h.screen()
---
My PRs (3) │ Merge queue │ Main builds │ Deployed                               
┌──────────────────────────────────────────────────────────────────────────────┐
│> 1 ✗ #4821 webapp  Retry webhook delivery with backoff                     2h│
│  2 ● #4830 auth  Add rate limit headers to the API                         2h│
│  3 ○ #4790 webapp  Spike: parallel test runner                             2h│
│                                                                              │
│                                                                              │
│                                                                              │
│                                                                              │
│                                                                              │
└──────────────────────────────────────────────────────────────────────────────┘
refreshed just now                                 ⟦▣⟧━⟦▣⟧━⟦▣⟧━▸ conveyor v0.4.0
