---
source: tests/snapshots.rs
expression: h.screen()
---
┌My PRs (3)────────────────────────────┐┌Queue webapp (2)──────────────────────┐┌Main builds───────────────────────────┐┌Deployed──────────────────────────────┐
│  ✗ #4821 Retry webhook delivery w… 2h││  ● #4821 Retry webhook delivery … 12m││fetching…                             ││no [[repo.deploy]] configured         │
│    webapp · webhook-retry-backoff · …││    alice · position 1 · enqueued 20m…││                                      ││                                      │
│    ✗ api / test                      ││    checks: pending · 00000000        ││                                      ││                                      │
│▌ ● #4830 Add rate limit headers t… 2h││  ○ #4830 Add rate limit heade… queued││                                      ││                                      │
│▌   auth                              ││    carol · position 2 · enqueued 20m…││                                      ││                                      │
│▌   checks: pending                   ││    no merge-group run yet · jump · 0…││                                      ││                                      │
│  ○ #4790 Spike: parallel test run… 2h││                                      ││                                      ││                                      │
│    webapp · draft                    ││                                      ││                                      ││                                      │
│    checks: none                      ││                                      ││                                      ││                                      │
└──────────────────────────────────────┘└──────────────────────────────────────┘└──────────────────────────────────────┘└──────────────────────────────────────┘
refreshed just now                                                                                                                        ▪─▪─▪▸ conveyor v0.7.0
