---
source: tests/snapshots.rs
expression: h.screen()
---
┌My PRs (3)────────────────────────────┐┌Merge queue───────────────────────────┐┌Main builds───────────────────────────┐┌Deployed──────────────────────────────┐
│> 1 ✗ #4821 webapp  Retry webhook … 2h││⠋ fetching…                           ││⠋ fetching…                           ││no [[repo.deploy]] configured         │
│  2 ● #4830 auth  Add rate limit h… 2h││                                      ││                                      ││                                      │
│  3 ○ #4790 webapp  Spike: paralle… 2h││                                      ││                                      ││                                      │
│                                      ││                                      ││                                      ││                                      │
│                                      ││                                      ││                                      ││                                      │
│                                      ││                                      ││                                      ││                                      │
│                                      ││                                      ││                                      ││                                      │
│                                      ││                                      ││                                      ││                                      │
│                                      ││                                      ││                                      ││                                      │
└──────────────────────────────────────┘└──────────────────────────────────────┘└──────────────────────────────────────┘└──────────────────────────────────────┘
┌#4821 Retry webhook delivery with backoff─────────────────────────────────────────────────────────────────────────────────────────────────────────────────────┐
│#4821 acme/webapp  webhook-retry-backoff  +12 −3                                                                                                              │
│review: approved  merge: blocked                                                                                                                              │
│✗ api / test  https://github.com/acme/webapp/actions/runs/1/job/3                                                                                             │
│✓ lint  https://github.com/acme/webapp/actions/runs/1/job/2                                                                                                   │
│                                                                                                                                                              │
│                                                                                                                                                              │
└──────────────────────────────────────────────────────────────────────────────────────────────────────────────────────────────────────────────────────────────┘
refreshed just now                                                                                                                                 ━━●━━●━━●━━●▸
