---
source: tests/snapshots.rs
expression: h.screen()
---
┌My PRs (0)────────────────────────────┐┌Merge queue───────────────────────────┐┌Main builds───────────────────────────┐┌Deployed──────────────────────────────┐
│no open pull requests                 ││fetching…                             ││not configured                        ││not configured                        │
│                                      ││                                      ││                                      ││                                      │
│                                      ││                                      ││                                      ││                                      │
│                                      ││                                      ││                                      ││                                      │
│                                      ││                                      ││                                      ││                                      │
│                                      ││                                      ││                                      ││                                      │
│                                      ││                                      ││                                      ││                                      │
│                                      ││                                      ││                                      ││                                      │
│                                      ││                                      ││                                      ││                                      │
└──────────────────────────────────────┘└──────────────────────────────────────┘└──────────────────────────────────────┘└──────────────────────────────────────┘
refreshed 0s ago
