---
source: tests/snapshots.rs
expression: h.screen()
---
┌My PRs────────────────────────────────┐┌Merge queue───────────────────────────┐┌Main builds───────────────────────────┐┌Deployed──────────────────────────────┐
│fetching…                             ││fetching…                             ││fetching…                             ││no [[repo.deploy]] configured         │
│                                      ││                                      ││                                      ││                                      │
│                                      ││                                      ││                                      ││                                      │
│                                      ││                                      ││                                      ││                                      │
│                                      ││                                      ││                                      ││                                      │
│                                      ││                                      ││                                      ││                                      │
│                                      ││                                      ││                                      ││                                      │
│                                      ││                                      ││                                      ││                                      │
│                                      ││                                      ││                                      ││                                      │
└──────────────────────────────────────┘└──────────────────────────────────────┘└──────────────────────────────────────┘└──────────────────────────────────────┘
                                                                                                                                         ▪─▪─▪▸ conveyor v0.10.0
