---
source: tests/snapshots.rs
expression: h.screen()
---
┌Keys — My PRs─────────────────────────────────────────────────────────────────────────────────────────────────────────────────────────────────────────────────┐
│q        quit                                                                                                                                                 │
│j/k ↓/↑  move                                                                                                                                                 │
│h/l Tab  focus column                                                                                                                                         │
│p        open pull request                                                                                                                                    │
│b        open the failing check, else the first                                                                                                               │
│y/Y      copy pull request / build URL                                                                                                                        │
│d        details                                                                                                                                              │
│C-d/C-u  scroll details                                                                                                                                       │
│z        zoom the column                                                                                                                                      │
│Esc      leave zoom                                                                                                                                           │
│/        filter                                                                                                                                               │
│r/R      refresh focused / all                                                                                                                                │
│?        help                                                                                                                                                 │
└──────────────────────────────────────────────────────────────────────────────────────────────────────────────────────────────────────────────────────────────┘
any key returns
