---
source: tests/snapshots.rs
expression: h.screen()
---
┌My PRs────────────────────────────────┐┌Merge queue───────────────────────────┐┌Main builds───────────────────────────┐┌Deployed──────────────────────────────┐
│⠋ fetching…                           ││⠋ fetching…                           ││⠋ fetching…                           ││not configured                        │
│                                      ││                                      ││                                      ││                                      │
│                                      ││                                      ││                                      ││                                      │
│                                      ││                                      ││                                      ││                                      │
│                                      ││                                      ││                                      ││                                      │
│                                      ││                                      ││                                      ││                                      │
│                                      ││                                      ││                                      ││                                      │
│                                      ││                                      ││                                      ││                                      │
│                                      ││                                      ││                                      ││                                      │
└──────────────────────────────────────┘└──────────────────────────────────────┘└──────────────────────────────────────┘└──────────────────────────────────────┘
                                                                                                                                                   ━━●━━●━━●━━●▸
