---
source: tests/snapshots.rs
expression: h.screen()
---
┌My PRs (3)────────────────────────────┐┌Merge queue───────────────────────────┐┌Main builds───────────────────────────┐┌Deployed──────────────────────────────┐
│> 1 ✗ #4821 webapp  Retry webhook … 2h││⠋ fetching…                           ││⠋ fetching…                           ││not configured                        │
│  2 ● #4830 auth  Add rate limit h… 2h││                                      ││                                      ││                                      │
│  3 ○ #4790 webapp  Spike: paralle… 2h││                                      ││                                      ││                                      │
│                                      ││                                      ││                                      ││                                      │
│                                      ││                                      ││                                      ││                                      │
│                                      ││                                      ││                                      ││                                      │
│                                      ││                                      ││                                      ││                                      │
│                                      ││                                      ││                                      ││                                      │
│                                      ││                                      ││                                      ││                                      │
└──────────────────────────────────────┘└──────────────────────────────────────┘└──────────────────────────────────────┘└──────────────────────────────────────┘
/r  3/3                                                                                                                                            ━━●━━●━━●━━●▸
